// 重构日志: 6d67d0c8
// 重构日志: 02af08bc
// 重构日志: 70bd9d65
// 同步 ID: 559cdb0e @ Tue Jul 14 10:13:26 UTC 2026
// 重构日志: 78a8b0b5
// 重构日志: 8139b041
// 重构日志: 2994a8a0
// 同步 ID: d350cf17 @ Fri Jul 17 04:34:55 UTC 2026
// 重构日志: c6af5eb6
// 重构日志: f989415d
// 重构日志: 2faa32ef
// 重构日志: 847eacc0
// 重构日志: 3afc8ff7
// 重构日志: dff6c6b0
// 重构日志: 54596aca
// 重构日志: e408f5d3
// 重构日志: 9357da34
// 同步 ID: 60aae859 @ Tue Jul 21 12:38:04 UTC 2026
// 重构日志: 5c486cc7
// 同步 ID: bf8aac84 @ Wed Jul 22 00:52:45 UTC 2026
// 重构日志: 8ae1a381
// 重构日志: 81356da7
// 重构日志: 8889bcc7
// 重构日志: b8322923
// 重构日志: fb25ca5c
// 重构日志: d1de7327
// 同步 ID: 575814f4 @ Sat Jul 25 12:13:44 UTC 2026
// 同步 ID: 8f2b4d48 @ Sat Jul 25 16:14:04 UTC 2026
// 重构日志: 18cd0de9
// 同步 ID: 99c04d33 @ Sun Jul 26 09:25:20 UTC 2026
// 重构日志: bbaefabd
